eï¿½ï¿½Ñ¹esp32: SPI Speed     ï¿½ets Jun  8 2016 00:22:57

rst:0x1 (POWERON_RESET),boot:0x13 (SPI_FAST_FLASH_BOOT)
configsip: 0, SPIWP:0xee
clk_drv:0x00,q_drv:0x00,d_drv:0x00,cs0_drv:0x00,hd_drv:0x00,wp_drv:0x00
mode:DIO, clock div:2
load:0x3fff0030,len:7080
load:0x40078000,len:15584
load:0x40080400,len:4
ho 8 tail 4 room 4
load:0x40080404,len:3876
entry 0x4008064c
[0;32mI (30) boot: ESP-IDF v5.1.2 2nd stage bootloader[0m
[0;32mI (30) boot: compile time Dec 26 2023 00:29:08[0m
[0;32mI (31) boot: Multicore bootloader[0m
[0;32mI (35) boot: chip revision: v1.0[0m
[0;32mI (38) boot.esp32: SPI Speed      : 40MHz[0m
[0;32mI (43) boot.esp32: SPI Mode       : DIO[0m
[0;32mI (48) boot.esp32: SPI Flash Size : 2MB[0m
[0;32mI (52) boot: Enabling RNG early entropy source...[0m
[0;32mI (58) boot: Partition Table:[0m
[0;32mI (61) boot: ## Label            Usage          Type ST Offset   Length[0m
[0;32mI (68) boot:  0 nvs              WiFi data        01 02 00009000 00006000[0m
[0;32mI (76) boot:  1 phy_init         RF data          01 01 0000f000 00001000[0m
[0;32mI (83) boot:  2 factory          factory app      00 00 00010000 00100000[0m
[0;32mI (91) boot: End of partition table[0m
[0;32mI (95) esp_image: segment 0: paddr=00010020 vaddr=3f400020 size=09bc8h ( 39880) map[0m
[0;32mI (118) esp_image: segment 1: paddr=00019bf0 vaddr=3ffb0000 size=02158h (  8536) load[0m
[0;32mI (122) esp_image: segment 2: paddr=0001bd50 vaddr=40080000 size=042c8h ( 17096) load[0m
[0;32mI (131) esp_image: segment 3: paddr=00020020 vaddr=400d0020 size=14a9ch ( 84636) map[0m
[0;32mI (163) esp_image: segment 4: paddr=00034ac4 vaddr=400842c8 size=07d30h ( 32048) load[0m
[0;32mI (182) boot: Loaded app from partition at offset 0x10000[0m
[0;32mI (183) boot: Disabling RNG early entropy source...[0m
[0;32mI (194) cpu_start: Multicore app[0m
[0;32mI (194) cpu_start: Pro cpu up.[0m
[0;32mI (195) cpu_start: Starting app cpu, entry point is 0x400810ec[0m
[0;32mI (0) cpu_start: App cpu up.[0m
[0;32mI (212) cpu_start: Pro cpu start user code[0m
[0;32mI (212) cpu_start: cpu freq: 160000000 Hz[0m
[0;32mI (212) cpu_start: Application information:[0m
[0;32mI (217) cpu_start: Project name:     blink[0m
[0;32mI (222) cpu_start: App version:      1[0m
[0;32mI (226) cpu_start: Compile time:     Dec 26 2023 00:28:22[0m
[0;32mI (232) cpu_start: ELF file SHA256:  51c17ac5...[0m
[0;32mI (238) cpu_start: ESP-IDF:          v5.1.2[0m
[0;32mI (243) cpu_start: Min chip rev:     v0.0[0m
[0;32mI (247) cpu_start: Max chip rev:     v3.99 [0m
[0;32mI (252) cpu_start: Chip rev:         v1.0[0m
[0;32mI (257) heap_init: Initializing. RAM available for dynamic allocation:[0m
[0;32mI (264) heap_init: At 3FFAE6E0 len 00001920 (6 KiB): DRAM[0m
[0;32mI (270) heap_init: At 3FFB29D0 len 0002D630 (181 KiB): DRAM[0m
[0;32mI (276) heap_init: At 3FFE0440 len 00003AE0 (14 KiB): D/IRAM[0m
[0;32mI (283) heap_init: At 3FFE4350 len 0001BCB0 (111 KiB): D/IRAM[0m
[0;32mI (289) heap_init: At 4008C000 len 00014000 (80 KiB): IRAM[0m
[0;32mI (297) spi_flash: detected chip: generic[0m
[0;32mI (300) spi_flash: flash io: dio[0m
[0;33mW (304) spi_flash: Detected size(4096k) larger than the size in the binary image header(2048k). Using the size in the binary image header.[0m
[0;32mI (318) app_start: Starting scheduler on CPU0[0m
[0;32mI (322) app_start: Starting scheduler on CPU1[0m
[0;32mI (322) main_task: Started on CPU0[0m
[0;32mI (332) main_task: Calling app_main()[0m
[0;32mI (332) main: hello world[0m
[0;32mI (332) gpio: GPIO[2]| InputEn: 0| OutputEn: 0| OpenDrain: 0| Pullup: 1| Pulldown: 0| Intr:0 [0m
[0;32mI (1342) main: 1[0m
[0;32mI (2342) main: 0[0m
[0;32mI (3342) main: 1[0m
[0;32mI (4342) main: 0[0m
[0;32mI (5342) main: 1[0m
[0;32mI (6342) main: 0[0m
[0;32mI (7342) main: 1[0m
[0;32mI (8342) main: 0[0m
[0;32mI (9342) main: 1[0m
[0;32mI (10342) main: 0[0m
[0;32mI (11342) main: 1[0m
[0;32mI (12342) main: 0[0m
[0;32mI (13342) main: 1[0m
[0;32mI (14342) main: 0[0m
[0;32mI (15342) main: 1[0m
[0;32mI (16342) main: 0[0m
[0;32mI (17342) main: 1[0m
[0;32mI (18342) main: 0[0m
[0;32mI (19342) main: 1[0m
[0;32mI (20342) main: 0[0m
[0;32mI (21342) main: 1[0m
[0;32mI (22342) main: 0[0m
[0;32mI (23342) main: 1[0m
[0;32mI (24342) main: 0[0m
[0;32mI (25342) main: 1[0m
[0;32mI (26342) main: 0[0m
[0;32mI (27342) main: 1[0m
[0;32mI (28342) main: 0[0m
[0;32mI (29342) main: 1[0m
[0;32mI (30342) main: 0[0m
[0;32mI (31342) main: 1[0m
[0;32mI (32342) main: 0[0m
[0;32mI (33342) main: 1[0m
