Hï¿½ë‹¹esp32: SPI Speed      : 4ï¿½ets Jun  8 2016 00:22:57

rst:0x1 (POWERON_RESET),boot:0x13 (SPI_FAST_FLASH_BOOT)
configsip: 0, SPIWP:0xee
clk_drv:0x00,q_drv:0x00,d_drv:0x00,cs0_drv:0x00,hd_drv:0x00,wp_drv:0x00
mode:DIO, clock div:2
load:0x3fff0030,len:7080
load:0x40078000,len:15584
load:0x40080400,len:4
ho 8 tail 4 room 4
load:0x40080404,len:3876
entry 0x4008064c
[0;32mI (30) boot: ESP-IDF v5.1.2 2nd stage bootloader[0m
[0;32mI (30) boot: compile time Dec 26 2023 00:29:08[0m
[0;32mI (30) boot: Multicore bootloader[0m
[0;32mI (35) boot: chip revision: v1.0[0m
[0;32mI (38) boot.esp32: SPI Speed      : 40MHz[0m
[0;32mI (43) boot.esp32: SPI Mode       : DIO[0m
[0;32mI (48) boot.esp32: SPI Flash Size : 2MB[0m
[0;32mI (52) boot: Enabling RNG early entropy source...[0m
[0;32mI (58) boot: Partition Table:[0m
[0;32mI (61) boot: ## Label            Usage          Type ST Offset   Length[0m
[0;32mI (68) boot:  0 nvs              WiFi data        01 02 00009000 00006000[0m
[0;32mI (76) boot:  1 phy_init         RF data          01 01 0000f000 00001000[0m
[0;32mI (83) boot:  2 factory          factory app      00 00 00010000 00100000[0m
[0;32mI (91) boot: End of partition table[0m
[0;32mI (95) esp_image: segment 0: paddr=00010020 vaddr=3f400020 size=1f1d4h (127444) map[0m
[0;32mI (150) esp_image: segment 1: paddr=0002f1fc vaddr=3ffb0000 size=00e1ch (  3612) load[0m
[0;32mI (151) esp_image: segment 2: paddr=00030020 vaddr=400d0020 size=809dch (526812) map[0m
[0;32mI (345) esp_image: segment 3: paddr=000b0a04 vaddr=3ffb0e1c size=02c70h ( 11376) load[0m
[0;32mI (350) esp_image: segment 4: paddr=000b367c vaddr=40080000 size=15c38h ( 89144) load[0m
[0;32mI (399) boot: Loaded app from partition at offset 0x10000[0m
[0;32mI (399) boot: Disabling RNG early entropy source...[0m
[0;32mI (411) cpu_start: Multicore app[0m
[0;32mI (411) cpu_start: Pro cpu up.[0m
[0;32mI (411) cpu_start: Starting app cpu, entry point is 0x4008138c[0m
[0;32mI (0) cpu_start: App cpu up.[0m
[0;32mI (429) cpu_start: Pro cpu start user code[0m
[0;32mI (429) cpu_start: cpu freq: 160000000 Hz[0m
[0;32mI (429) cpu_start: Application information:[0m
[0;32mI (434) cpu_start: Project name:     blink[0m
[0;32mI (439) cpu_start: App version:      1[0m
[0;32mI (443) cpu_start: Compile time:     Dec 26 2023 00:28:22[0m
[0;32mI (449) cpu_start: ELF file SHA256:  7f1ffb94...[0m
[0;32mI (454) cpu_start: ESP-IDF:          v5.1.2[0m
[0;32mI (459) cpu_start: Min chip rev:     v0.0[0m
[0;32mI (464) cpu_start: Max chip rev:     v3.99 [0m
[0;32mI (469) cpu_start: Chip rev:         v1.0[0m
[0;32mI (474) heap_init: Initializing. RAM available for dynamic allocation:[0m
[0;32mI (481) heap_init: At 3FFAE6E0 len 00001920 (6 KiB): DRAM[0m
[0;32mI (487) heap_init: At 3FFB7B30 len 000284D0 (161 KiB): DRAM[0m
[0;32mI (493) heap_init: At 3FFE0440 len 00003AE0 (14 KiB): D/IRAM[0m
[0;32mI (499) heap_init: At 3FFE4350 len 0001BCB0 (111 KiB): D/IRAM[0m
[0;32mI (506) heap_init: At 40095C38 len 0000A3C8 (40 KiB): IRAM[0m
[0;32mI (514) spi_flash: detected chip: generic[0m
[0;32mI (517) spi_flash: flash io: dio[0m
[0;33mW (521) spi_flash: Detected size(4096k) larger than the size in the binary image header(2048k). Using the size in the binary image header.[0m
[0;32mI (535) app_start: Starting scheduler on CPU0[0m
[0;32mI (539) app_start: Starting scheduler on CPU1[0m
[0;32mI (539) main_task: Started on CPU0[0m
[0;32mI (549) main_task: Calling app_main()[0m
I (579) wifi:wifi driver task: 3ffbfb20, prio:23, stack:6656, core=0
I (579) wifi:wifi firmware version: 91b9630
I (579) wifi:wifi certification version: v7.0
I (579) wifi:config NVS flash: enabled
I (579) wifi:config nano formating: disabled
I (589) wifi:Init data frame dynamic rx buffer num: 32
I (589) wifi:Init static rx mgmt buffer num: 5
I (599) wifi:Init management short buffer num: 32
I (599) wifi:Init dynamic tx buffer num: 32
I (609) wifi:Init static rx buffer size: 1600
I (609) wifi:Init static rx buffer num: 10
I (609) wifi:Init dynamic rx buffer num: 32
[0;32mI (619) wifi_init: rx ba win: 6[0m
[0;32mI (619) wifi_init: tcpip mbox: 32[0m
[0;32mI (629) wifi_init: udp mbox: 6[0m
[0;32mI (629) wifi_init: tcp mbox: 6[0m
[0;32mI (629) wifi_init: tcp tx win: 5760[0m
[0;32mI (639) wifi_init: tcp rx win: 5760[0m
[0;32mI (639) wifi_init: tcp mss: 1440[0m
[0;32mI (649) wifi_init: WiFi IRAM OP enabled[0m
[0;32mI (649) wifi_init: WiFi RX IRAM OP enabled[0m
[0;32mI (669) phy_init: phy_version 4780,16b31a7,Sep 22 2023,20:42:16[0m
I (749) wifi:mode : sta (7c:9e:bd:4a:22:58)
I (749) wifi:enable tsf
[0;32mI (759) main: WiFi CONNECTED
[0m
wifi_init_softap finished. SSID:Chewico 5G  password:taiVEGAS1234[0;32mI (759) main_task: Returned from app_main()[0m
[0;32mI (3169) ï¿½ï¿½@?: WiFi lost connection
[0m
[0;32mI (3169) ï¿½ï¿½@?: Retry to connect
[0m
[0;32mI (5579) ï¿½: WiFi lost connection
[0m
[0;32mI (5589) ï¿½: Retry to connect
[0m
[0;32mI (7989) : WiFi lost connection
[0m
[0;32mI (7999) : Retry to connect
[0m
[0;32mI (10409) ï¿½ï¿½@?A: WiFi lost connection
[0m
[0;32mI (10409) ï¿½ï¿½@?: Retry to connect
[0m
[0;32mI (12819) ï¿½ï¿½@?A: WiFi lost connection
[0m
[0;32mI (12819) ï¿½ï¿½@?: Retry to connect
[0m
[0;32mI (15229) ï¿½ï¿½@?A: WiFi lost connection
[0m
ets Jun  8 2016 00:22:57

rst:0x1 (POWERON_RESET),boot:0x13 (SPI_FAST_FLASH_BOOT)
configsip: 0, SPIWP:0xee
clk_drv:0x00,q_drv:0x00,d_drv:0x00,cs0_drv:0x00,hd_drv:0x00,wp_drv:0x00
mode:DIO, clock div:2
load:0x3fff0030,len:7080
load:0x40078000,len:15584
load:0x40080400,len:4
ho 8 tail 4 room 4
load:0x40080404,len:3876
entry 0x4008064c
[0;32mI (30) boot: ESP-IDF v5.1.2 2nd stage bootloader[0m
[0;32mI (30) boot: compile time Dec 26 2023 00:29:08[0m
[0;32mI (30) boot: Multicore bootloader[0m
[0;32mI (35) boot: chip revision: v1.0[0m
[0;32mI (38) boot.esp32: SPI Speed      : 40MHz[0m
[0;32mI (43) boot.esp32: SPI Mode       : DIO[0m
[0;32mI (48) boot.esp32: SPI Flash Size : 2MB[0m
[0;32mI (52) boot: Enabling RNG early entropy source...[0m
[0;32mI (57) boot: Partition Table:[0m
[0;32mI (61) boot: ## Label            Usage          Type ST Offset   Length[0m
[0;32mI (68) boot:  0 nvs              WiFi data        01 02 00009000 00006000[0m
[0;32mI (76) boot:  1 phy_init         RF data          01 01 0000f000 00001000[0m
[0;32mI (83) boot:  2 factory          factory app      00 00 00010000 00100000[0m
[0;32mI (91) boot: End of partition table[0m
[0;32mI (95) esp_image: segment 0: paddr=00010020 vaddr=3f400020 size=1f1d4h (127444) map[0m
[0;32mI (149) esp_image: segment 1: paddr=0002f1fc vaddr=3ffb0000 size=00e1ch (  3612) load[0m
[0;32mI (151) esp_image: segment 2: paddr=00030020 vaddr=400d0020 size=809dch (526812) map[0m
[0;32mI (345) esp_image: segment 3: paddr=000b0a04 vaddr=3ffb0e1c size=02c70h ( 11376) load[0m
[0;32mI (350) esp_image: segment 4: paddr=000b367c vaddr=40080000 size=15c38h ( 89144) load[0m
[0;32mI (399) boot: Loaded app from partition at offset 0x10000[0m
[0;32mI (399) boot: Disabling RNG early entropy source...[0m
[0;32mI (411) cpu_start: Multicore app[0m
[0;32mI (411) cpu_start: Pro cpu up.[0m
[0;32mI (411) cpu_start: Starting app cpu, entry point is 0x4008138c[0m
[0;32mI (0) cpu_start: App cpu up.[0m
[0;32mI (429) cpu_start: Pro cpu start user code[0m
[0;32mI (429) cpu_start: cpu freq: 160000000 Hz[0m
[0;32mI (429) cpu_start: Application information:[0m
[0;32mI (434) cpu_start: Project name:     blink[0m
[0;32mI (439) cpu_start: App version:      1[0m
[0;32mI (443) cpu_start: Compile time:     Dec 26 2023 00:28:22[0m
[0;32mI (449) cpu_start: ELF file SHA256:  7f1ffb94...[0m
[0;32mI (454) cpu_start: ESP-IDF:          v5.1.2[0m
[0;32mI (459) cpu_start: Min chip rev:     v0.0[0m
[0;32mI (464) cpu_start: Max chip rev:     v3.99 [0m
[0;32mI (469) cpu_start: Chip rev:         v1.0[0m
[0;32mI (474) heap_init: Initializing. RAM available for dynamic allocation:[0m
[0;32mI (481) heap_init: At 3FFAE6E0 len 00001920 (6 KiB): DRAM[0m
[0;32mI (487) heap_init: At 3FFB7B30 len 000284D0 (161 KiB): DRAM[0m
[0;32mI (493) heap_init: At 3FFE0440 len 00003AE0 (14 KiB): D/IRAM[0m
[0;32mI (499) heap_init: At 3FFE4350 len 0001BCB0 (111 KiB): D/IRAM[0m
[0;32mI (506) heap_init: At 40095C38 len 0000A3C8 (40 KiB): IRAM[0m
[0;32mI (514) spi_flash: detected chip: generic[0m
[0;32mI (517) spi_flash: flash io: dio[0m
[0;33mW (521) spi_flash: Detected size(4096k) larger than the size in the binary image header(2048k). Using the size in the binary image header.[0m
[0;32mI (535) app_start: Starting scheduler on CPU0[0m
[0;32mI (539) app_start: Starting scheduler on CPU1[0m
[0;32mI (539) main_task: Started on CPU0[0m
[0;32mI (549) main_task: Calling app_main()[0m
I (599) wifi:wifi driver task: 3ffbfba4, prio:23, stack:6656, core=0
I (619) wifi:wifi firmware version: 91b9630
I (619) wifi:wifi certification version: v7.0
I (619) wifi:config NVS flash: enabled
I (619) wifi:config nano formating: disabled
I (619) wifi:Init data frame dynamic rx buffer num: 32
I (629) wifi:Init static rx mgmt buffer num: 5
I (629) wifi:Init management short buffer num: 32
I (629) wifi:Init dynamic tx buffer num: 32
I (639) wifi:Init static rx buffer size: 1600
I (639) wifi:Init static rx buffer num: 10
I (649) wifi:Init dynamic rx buffer num: 32
[0;32mI (649) wifi_init: rx ba win: 6[0m
[0;32mI (649) wifi_init: tcpip mbox: 32[0m
[0;32mI (659) wifi_init: udp mbox: 6[0m
[0;32mI (659) wifi_init: tcp mbox: 6[0m
[0;32mI (659) wifi_init: tcp tx win: 5760[0m
[0;32mI (669) wifi_init: tcp rx win: 5760[0m
[0;32mI (669) wifi_init: tcp mss: 1440[0m
[0;32mI (679) wifi_init: WiFi IRAM OP enabled[0m
[0;32mI (679) wifi_init: WiFi RX IRAM OP enabled[0m
[0;32mI (689) phy_init: phy_version 4780,16b31a7,Sep 22 2023,20:42:16[0m
I (769) wifi:mode : sta (7c:9e:bd:4a:22:58)
I (769) wifi:enable tsf
[0;32mI (779) main: WiFi CONNECTED
[0m
wifi_init_softap finished. SSID:Chewico 5G  password:taiVEGAS1234[0;32mI (779) main_task: Returned from app_main()[0m
[0;32mI (3189) ï¿½ï¿½@?: WiFi lost connection
[0m
[0;32mI (3189) ï¿½ï¿½@?: Retry to connect
[0m
[0;32mI (5599) ï¿½: WiFi lost connection
[0m
[0;32mI (5599) ï¿½: Retry to connect
[0m
[0;32mI (8009) : WiFi lost connection
[0m
[0;32mI (8009) : Retry to connect
[0m
[0;32mI (10419) ï¿½ï¿½@?A: WiFi lost connection
[0m
[0;32mI (10429) ï¿½ï¿½@?: Retry to connect
[0m
[0;32mI (12839) ï¿½ï¿½@?A: WiFi lost connection
[0m
[0;32mI (12839) ï¿½ï¿½@?: Retry to connect
[0m
[0;32mI (15249) ï¿½ï¿½@?A: WiFi lost connection
[0m
