Iï¿½ï¿½Ñ¹esp32: SPI Speed      :ï¿½ets Jun  8 2016 00:22:57

rst:0x1 (POWERON_RESET),boot:0x13 (SPI_FAST_FLASH_BOOT)
configsip: 0, SPIWP:0xee
clk_drv:0x00,q_drv:0x00,d_drv:0x00,cs0_drv:0x00,hd_drv:0x00,wp_drv:0x00
mode:DIO, clock div:2
load:0x3fff0030,len:7080
load:0x40078000,len:15584
load:0x40080400,len:4
ho 8 tail 4 room 4
load:0x40080404,len:3876
entry 0x4008064c
[0;32mI (30) boot: ESP-IDF v5.1.2 2nd stage bootloader[0m
[0;32mI (30) boot: compile time Dec 26 2023 00:29:08[0m
[0;32mI (31) boot: Multicore bootloader[0m
[0;32mI (35) boot: chip revision: v1.0[0m
[0;32mI (38) boot.esp32: SPI Speed      : 40MHz[0m
[0;32mI (43) boot.esp32: SPI Mode       : DIO[0m
[0;32mI (48) boot.esp32: SPI Flash Size : 2MB[0m
[0;32mI (52) boot: Enabling RNG early entropy source...[0m
[0;32mI (58) boot: Partition Table:[0m
[0;32mI (61) boot: ## Label            Usage          Type ST Offset   Length[0m
[0;32mI (68) boot:  0 nvs              WiFi data        01 02 00009000 00006000[0m
[0;32mI (76) boot:  1 phy_init         RF data          01 01 0000f000 00001000[0m
[0;32mI (83) boot:  2 factory          factory app      00 00 00010000 00100000[0m
[0;32mI (91) boot: End of partition table[0m
[0;32mI (95) esp_image: segment 0: paddr=00010020 vaddr=3f400020 size=1f184h (127364) map[0m
[0;32mI (150) esp_image: segment 1: paddr=0002f1ac vaddr=3ffb0000 size=00e6ch (  3692) load[0m
[0;32mI (151) esp_image: segment 2: paddr=00030020 vaddr=400d0020 size=809b8h (526776) map[0m
[0;32mI (345) esp_image: segment 3: paddr=000b09e0 vaddr=3ffb0e6c size=02c20h ( 11296) load[0m
[0;32mI (350) esp_image: segment 4: paddr=000b3608 vaddr=40080000 size=15c38h ( 89144) load[0m
[0;32mI (399) boot: Loaded app from partition at offset 0x10000[0m
[0;32mI (399) boot: Disabling RNG early entropy source...[0m
[0;32mI (411) cpu_start: Multicore app[0m
[0;32mI (411) cpu_start: Pro cpu up.[0m
[0;32mI (411) cpu_start: Starting app cpu, entry point is 0x4008138c[0m
[0;32mI (0) cpu_start: App cpu up.[0m
[0;32mI (429) cpu_start: Pro cpu start user code[0m
[0;32mI (429) cpu_start: cpu freq: 160000000 Hz[0m
[0;32mI (429) cpu_start: Application information:[0m
[0;32mI (434) cpu_start: Project name:     blink[0m
[0;32mI (439) cpu_start: App version:      1[0m
[0;32mI (443) cpu_start: Compile time:     Dec 26 2023 00:28:22[0m
[0;32mI (449) cpu_start: ELF file SHA256:  66778baa...[0m
[0;32mI (454) cpu_start: ESP-IDF:          v5.1.2[0m
[0;32mI (459) cpu_start: Min chip rev:     v0.0[0m
[0;32mI (464) cpu_start: Max chip rev:     v3.99 [0m
[0;32mI (469) cpu_start: Chip rev:         v1.0[0m
[0;32mI (474) heap_init: Initializing. RAM available for dynamic allocation:[0m
[0;32mI (481) heap_init: At 3FFAE6E0 len 00001920 (6 KiB): DRAM[0m
[0;32mI (487) heap_init: At 3FFB7B30 len 000284D0 (161 KiB): DRAM[0m
[0;32mI (493) heap_init: At 3FFE0440 len 00003AE0 (14 KiB): D/IRAM[0m
[0;32mI (499) heap_init: At 3FFE4350 len 0001BCB0 (111 KiB): D/IRAM[0m
[0;32mI (506) heap_init: At 40095C38 len 0000A3C8 (40 KiB): IRAM[0m
[0;32mI (514) spi_flash: detected chip: generic[0m
[0;32mI (517) spi_flash: flash io: dio[0m
[0;33mW (521) spi_flash: Detected size(4096k) larger than the size in the binary image header(2048k). Using the size in the binary image header.[0m
[0;32mI (535) app_start: Starting scheduler on CPU0[0m
[0;32mI (539) app_start: Starting scheduler on CPU1[0m
[0;32mI (539) main_task: Started on CPU0[0m
[0;32mI (549) main_task: Calling app_main()[0m
I (589) wifi:wifi driver task: 3ffbfba4, prio:23, stack:6656, core=0
I (609) wifi:wifi firmware version: 91b9630
I (609) wifi:wifi certification version: v7.0
I (609) wifi:config NVS flash: enabled
I (609) wifi:config nano formating: disabled
I (609) wifi:Init data frame dynamic rx buffer num: 32
I (619) wifi:Init static rx mgmt buffer num: 5
I (619) wifi:Init management short buffer num: 32
I (619) wifi:Init dynamic tx buffer num: 32
I (629) wifi:Init static rx buffer size: 1600
I (629) wifi:Init static rx buffer num: 10
I (639) wifi:Init dynamic rx buffer num: 32
[0;32mI (639) wifi_init: rx ba win: 6[0m
[0;32mI (639) wifi_init: tcpip mbox: 32[0m
[0;32mI (649) wifi_init: udp mbox: 6[0m
[0;32mI (649) wifi_init: tcp mbox: 6[0m
[0;32mI (649) wifi_init: tcp tx win: 5760[0m
[0;32mI (659) wifi_init: tcp rx win: 5760[0m
[0;32mI (659) wifi_init: tcp mss: 1440[0m
[0;32mI (669) wifi_init: WiFi IRAM OP enabled[0m
[0;32mI (669) wifi_init: WiFi RX IRAM OP enabled[0m
[0;32mI (679) phy_init: phy_version 4780,16b31a7,Sep 22 2023,20:42:16[0m
I (759) wifi:mode : sta (7c:9e:bd:4a:22:58)
I (759) wifi:enable tsf
WiFi CONNECTED
wifi_init_softap finished. SSID:Chewico :(  password:taiVEGAS1234[0;32mI (769) main_task: Returned from app_main()[0m
I (769) wifi:new:<4,1>, old:<1,0>, ap:<255,255>, sta:<4,1>, prof:1
I (779) wifi:state: init -> auth (b0)
I (779) wifi:state: auth -> assoc (0)
I (789) wifi:state: assoc -> run (10)
I (1169) wifi:<ba-add>idx:0 (ifx:0, 00:5f:67:a1:1d:e5), tid:0, ssn:257, winSize:64
I (1169) wifi:connected with Chewico :(, aid = 1, channel 4, 40U, bssid = 00:5f:67:a1:1d:e5
I (1169) wifi:security: WPA2-PSK, phy: bgn, rssi: -47
I (1179) wifi:pm start, type: 1

I (1219) wifi:AP's beacon interval = 102400 us, DTIM period = 1
W (1319) wifi:[ADDBA]rx delba, code:39, delete tid:0
I (1319) wifi:<ba-del>idx:0, tid:0
W (1319) wifi:[ADDBA]rx delba, code:39, delete tid:0
[0;32mI (2189) esp_netif_handlers: sta ip: 192.168.1.29, mask: 255.255.255.0, gw: 192.168.1.1[0m
192.168.1.29We got IP...
ets Jun  8 2016 00:22:57

rst:0x1 (POWERON_RESET),boot:0x13 (SPI_FAST_FLASH_BOOT)
configsip: 0, SPIWP:0xee
clk_drv:0x00,q_drv:0x00,d_drv:0x00,cs0_drv:0x00,hd_drv:0x00,wp_drv:0x00
mode:DIO, clock div:2
load:0x3fff0030,len:7080
load:0x40078000,len:15584
load:0x40080400,len:4
ho 8 tail 4 room 4
load:0x40080404,len:3876
entry 0x4008064c
[0;32mI (30) boot: ESP-IDF v5.1.2 2nd stage bootloader[0m
[0;32mI (30) boot: compile time Dec 26 2023 00:29:08[0m
[0;32mI (31) boot: Multicore bootloader[0m
[0;32mI (35) boot: chip revision: v1.0[0m
[0;32mI (38) boot.esp32: SPI Speed      : 40MHz[0m
[0;32mI (43) boot.esp32: SPI Mode       : DIO[0m
[0;32mI (48) boot.esp32: SPI Flash Size : 2MB[0m
[0;32mI (52) boot: Enabling RNG early entropy source...[0m
[0;32mI (58) boot: Partition Table:[0m
[0;32mI (61) boot: ## Label            Usage          Type ST Offset   Length[0m
[0;32mI (68) boot:  0 nvs              WiFi data        01 02 00009000 00006000[0m
[0;32mI (76) boot:  1 phy_init         RF data          01 01 0000f000 00001000[0m
[0;32mI (83) boot:  2 factory          factory app      00 00 00010000 00100000[0m
[0;32mI (91) boot: End of partition table[0m
[0;32mI (95) esp_image: segment 0: paddr=00010020 vaddr=3f400020 size=1f184h (127364) map[0m
[0;32mI (149) esp_image: segment 1: paddr=0002f1ac vaddr=3ffb0000 size=00e6ch (  3692) load[0m
[0;32mI (151) esp_image: segment 2: paddr=00030020 vaddr=400d0020 size=809b8h (526776) map[0m
[0;32mI (345) esp_image: segment 3: paddr=000b09e0 vaddr=3ffb0e6c size=02c20h ( 11296) load[0m
[0;32mI (350) esp_image: segment 4: paddr=000b3608 vaddr=40080000 size=15c38h ( 89144) load[0m
[0;32mI (399) boot: Loaded app from partition at offset 0x10000[0m
[0;32mI (399) boot: Disabling RNG early entropy source...[0m
[0;32mI (411) cpu_start: Multicore app[0m
[0;32mI (411) cpu_start: Pro cpu up.[0m
[0;32mI (411) cpu_start: Starting app cpu, entry point is 0x4008138c[0m
[0;32mI (0) cpu_start: App cpu up.[0m
[0;32mI (429) cpu_start: Pro cpu start user code[0m
[0;32mI (429) cpu_start: cpu freq: 160000000 Hz[0m
[0;32mI (429) cpu_start: Application information:[0m
[0;32mI (434) cpu_start: Project name:     blink[0m
[0;32mI (439) cpu_start: App version:      1[0m
[0;32mI (443) cpu_start: Compile time:     Dec 26 2023 00:28:22[0m
[0;32mI (449) cpu_start: ELF file SHA256:  66778baa...[0m
[0;32mI (454) cpu_start: ESP-IDF:          v5.1.2[0m
[0;32mI (459) cpu_start: Min chip rev:     v0.0[0m
[0;32mI (464) cpu_start: Max chip rev:     v3.99 [0m
[0;32mI (469) cpu_start: Chip rev:         v1.0[0m
[0;32mI (474) heap_init: Initializing. RAM available for dynamic allocation:[0m
[0;32mI (481) heap_init: At 3FFAE6E0 len 00001920 (6 KiB): DRAM[0m
[0;32mI (487) heap_init: At 3FFB7B30 len 000284D0 (161 KiB): DRAM[0m
[0;32mI (493) heap_init: At 3FFE0440 len 00003AE0 (14 KiB): D/IRAM[0m
[0;32mI (499) heap_init: At 3FFE4350 len 0001BCB0 (111 KiB): D/IRAM[0m
[0;32mI (506) heap_init: At 40095C38 len 0000A3C8 (40 KiB): IRAM[0m
[0;32mI (514) spi_flash: detected chip: generic[0m
[0;32mI (517) spi_flash: flash io: dio[0m
[0;33mW (521) spi_flash: Detected size(4096k) larger than the size in the binary image header(2048k). Using the size in the binary image header.[0m
[0;32mI (535) app_start: Starting scheduler on CPU0[0m
[0;32mI (539) app_start: Starting scheduler on CPU1[0m
[0;32mI (539) main_task: Started on CPU0[0m
[0;32mI (549) main_task: Calling app_main()[0m
I (589) wifi:wifi driver task: 3ffbfba4, prio:23, stack:6656, core=0
I (609) wifi:wifi firmware version: 91b9630
I (609) wifi:wifi certification version: v7.0
I (609) wifi:config NVS flash: enabled
I (609) wifi:config nano formating: disabled
I (609) wifi:Init data frame dynamic rx buffer num: 32
I (619) wifi:Init static rx mgmt buffer num: 5
I (619) wifi:Init management short buffer num: 32
I (619) wifi:Init dynamic tx buffer num: 32
I (629) wifi:Init static rx buffer size: 1600
I (629) wifi:Init static rx buffer num: 10
I (639) wifi:Init dynamic rx buffer num: 32
[0;32mI (639) wifi_init: rx ba win: 6[0m
[0;32mI (639) wifi_init: tcpip mbox: 32[0m
[0;32mI (649) wifi_init: udp mbox: 6[0m
[0;32mI (649) wifi_init: tcp mbox: 6[0m
[0;32mI (649) wifi_init: tcp tx win: 5760[0m
[0;32mI (659) wifi_init: tcp rx win: 5760[0m
[0;32mI (659) wifi_init: tcp mss: 1440[0m
[0;32mI (669) wifi_init: WiFi IRAM OP enabled[0m
[0;32mI (669) wifi_init: WiFi RX IRAM OP enabled[0m
[0;32mI (679) phy_init: phy_version 4780,16b31a7,Sep 22 2023,20:42:16[0m
I (759) wifi:mode : sta (7c:9e:bd:4a:22:58)
I (759) wifi:enable tsf
WiFi CONNECTED
wifi_init_softap finished. SSID:Chewico :(  password:taiVEGAS1234[0;32mI (769) main_task: Returned from app_main()[0m
I (779) wifi:new:<4,1>, old:<1,0>, ap:<255,255>, sta:<4,1>, prof:1
I (779) wifi:state: init -> auth (b0)
I (779) wifi:state: auth -> assoc (0)
I (789) wifi:state: assoc -> run (10)
I (1439) wifi:<ba-add>idx:0 (ifx:0, 00:5f:67:a1:1d:e5), tid:0, ssn:261, winSize:64
I (1449) wifi:connected with Chewico :(, aid = 1, channel 4, 40U, bssid = 00:5f:67:a1:1d:e5
I (1449) wifi:security: WPA2-PSK, phy: bgn, rssi: -48
I (1459) wifi:pm start, type: 1

I (1529) wifi:AP's beacon interval = 102400 us, DTIM period = 1
W (1629) wifi:[ADDBA]rx delba, code:39, delete tid:0
I (1629) wifi:<ba-del>idx:0, tid:0
[0;32mI (2459) esp_netif_handlers: sta ip: 192.168.1.29, mask: 255.255.255.0, gw: 192.168.1.1[0m
192.168.1.29We got IP...
